impnotes-top
index.html
book-info-title-page
index.html#book-info-title-page
authors
index.html#authors
clisp-abstract
index.html#clisp-abstract
clisp-history
index.html#clisp-history
legalese
legalese.html
overview
overview.html
conventions
conventions.html
conventions-tab
conventions.html#conventions-tab
clhs-chapters
clhs-chapters.html
intro
intro.html
spec-symb
spec-symb.html
fin-delim
spec-symb.html#fin-delim
error-terms
error-terms.html
cl-symb
cl-symb.html
syntax
syntax.html
std-char
std-char.html
reader-alg
reader-alg.html
tokens
tokens.html
res-token
tokens.html#res-token
valid-patterns
valid-patterns.html
backquote
backquote.html
bq-nested
backquote.html#bq-nested
sharpsign
sharpsign.html
extra-read-macro-table
sharpsign.html#extra-read-macro-table
sharpsign-backslash
sharpsign.html#sharpsign-backslash
sharpsign-less-than
sharpsign.html#sharpsign-less-than
unreadable-objects
sharpsign.html#unreadable-objects
eval
eval.html
eval-limits-table
eval.html#eval-limits-table
evaluation
evaluation.html
eval-environ
evaluation.html#eval-environ
the-env
evaluation.html#the-env
eval-env
evaluation.html#eval-env
sym-forms
evaluation.html#sym-forms
def-sym-mac
evaluation.html#def-sym-mac
symbol-mex
evaluation.html#symbol-mex
dyn-var
evaluation.html#dyn-var
cons-forms
evaluation.html#cons-forms
specforms
evaluation.html#specforms
eval-when
evaluation.html#eval-when
speop-the
evaluation.html#speop-the
funforms
evaluation.html#funforms
sym-fun
evaluation.html#sym-fun
defun
evaluation.html#defun
arglist
evaluation.html#arglist
suppress-check-redef
evaluation.html#suppress-check-redef
defun-accept-spelalist
evaluation.html#defun-accept-spelalist
compilation
compilation.html
compiler-terms
compilation.html#compiler-terms
compile-jit
compilation.html#compile-jit
compilation-semantics
compilation.html#compilation-semantics
compiler-macros
compilation.html#compiler-macros
minimal-compilation
compilation.html#minimal-compilation
semantic-constraints
compilation.html#semantic-constraints
semantic-constraints-non-conf
compilation.html#semantic-constraints-non-conf
semantic-constraints-rationale
compilation.html#semantic-constraints-rationale
similarity
compilation.html#similarity
declarations
declarations.html
spec-decl
declarations.html#spec-decl
notspec-decl
declarations.html#notspec-decl
spe-var-p
declarations.html#spe-var-p
constant-notinline
declarations.html#constant-notinline
constantp
declarations.html#constantp
safety-decl
declarations.html#safety-decl
compile-decl
declarations.html#compile-decl
space-decl
declarations.html#space-decl
lalist
lalist.html
boa-lalist
lalist.html#boa-lalist
types-classes
types-classes.html
types
types.html
type-spec
types.html#type-spec
fixnum-char-ansi
types.html#fixnum-char-ansi
classes
classes.html
clos-diff
clos-diff.html
gen-flet
clos-diff.html#gen-flet
gen-labels
clos-diff.html#gen-labels
metaclasses
metaclasses.html
def-class
def-class.html
redef-class
redef-class.html
data
data.html
gen-ref
gen-ref.html
setf-expansion
setf-expansion.html
extra-places
extra-places.html
misc-data
misc-data.html
fle
misc-data.html#fle
des-bind
misc-data.html#des-bind
macro-special
misc-data.html#macro-special
defconstant
defconstant.html
defconstant-similar
defconstant.html#defconstant-similar
visually-similar
defconstant.html#visually-similar
fcase
fcase.html
xor
xor.html
eq
eq.html
func
func.html
iteration
iteration.html
loop
loop.html
loop-termination
loop.html#loop-termination
loop-inter-var-finally
loop.html#loop-inter-var-finally
loop-ansi
loop.html#loop-ansi
iter-misc
iter-misc.html
objects
objects.html
std-meth-combo
std-meth-combo.html
no-prim
std-meth-combo.html#no-prim
meth-call-err
std-meth-combo.html#meth-call-err
meth-call-type-err
std-meth-combo.html#meth-call-type-err
structures
structures.html
defstruct-options
defstruct-options.html
defstruct-print-function
defstruct-options.html#defstruct-print-function
defstruct-inherit
defstruct-options.html#defstruct-inherit
defstruct-mop
defstruct-mop.html
conditions
conditions.html
cond-nl
cond-nl.html
cond-fname
cond-fname.html
restarts
restarts.html
restart-case
restarts.html#restart-case
with-restarts
restarts.html#with-restarts
compute-restarts
restarts.html#compute-restarts
muffle-cerrors
restarts.html#muffle-cerrors
appease-cerrors
restarts.html#appease-cerrors
abort-on-error
restarts.html#abort-on-error
exit-on-error
restarts.html#exit-on-error
err-pr-bt
restarts.html#err-pr-bt
global-handler
restarts.html#global-handler
without-global-handlers
restarts.html#without-global-handlers
symbols
symbols.html
packages
packages.html
pack-intro
pack-intro.html
make-pack
pack-intro.html#make-pack
defpack
pack-intro.html#defpack
re-export
pack-intro.html#re-export
pack-inverted
pack-intro.html#pack-inverted
pack-sensitive
pack-intro.html#pack-sensitive
pack-lock
pack-lock.html
pack-lock-f
pack-lock.html#pack-lock-f
without-pack-lock
pack-lock.html#without-pack-lock
clupack
clupack.html
imppack
imppack.html
sys-pac
imppack.html#sys-pac
ext-pac
imppack.html#ext-pac
package-case
package-case.html
pack-modern
package-case.html#pack-modern
pack-case-sensitive
package-case.html#pack-case-sensitive
pack-case-inverted
package-case.html#pack-case-inverted
cs-clu
package-case.html#cs-clu
cs-pack-name
package-case.html#cs-pack-name
cs-gensym-kwd
package-case.html#cs-gensym-kwd
case-sensitive-migration
package-case.html#case-sensitive-migration
case-sensitive-startup
package-case.html#case-sensitive-startup
numbers
numbers.html
num-types
num-types.html
num-concepts
num-concepts.html
num-ops
num-concepts.html#num-ops
int-func-ext
num-concepts.html#int-func-ext
factorial
num-concepts.html#factorial
exquo
num-concepts.html#exquo
xgcd
num-concepts.html#xgcd
mod-expt
num-concepts.html#mod-expt
float-decode
num-concepts.html#float-decode
bool-ops
num-concepts.html#bool-ops
bool-op-table
num-concepts.html#bool-op-table
byte-type
num-concepts.html#byte-type
float-notes
num-concepts.html#float-notes
expt
num-concepts.html#expt
log
num-concepts.html#log
pi
num-concepts.html#pi
ucpt
num-concepts.html#ucpt
default-float-format
num-concepts.html#default-float-format
no-underflow
num-concepts.html#no-underflow
float-invalid-op
num-concepts.html#float-invalid-op
float-inexact
num-concepts.html#float-inexact
num-const
num-concepts.html#num-const
fixnum-lim
num-concepts.html#fixnum-lim
fixnum-lim-table
num-concepts.html#fixnum-lim-table
bignum-lim
num-concepts.html#bignum-lim
float-lim
num-concepts.html#float-lim
long-float-wider-than-bignum
num-concepts.html#long-float-wider-than-bignum
float-subst
num-concepts.html#float-subst
float-comp
num-concepts.html#float-comp
floating-types-table
num-concepts.html#floating-types-table
lfd
num-concepts.html#lfd
flocont
num-concepts.html#flocont
warn-fpc
num-concepts.html#warn-fpc
floratcont
num-concepts.html#floratcont
warn-fprc
num-concepts.html#warn-fprc
phasecont
num-concepts.html#phasecont
complex-comp
num-concepts.html#complex-comp
complex-rational
num-concepts.html#complex-rational
random-state
num-concepts.html#random-state
characters
characters.html
char-intro
char-intro.html
char-code
char-intro.html#char-code
char-code-limit-table
char-intro.html#char-code-limit-table
base-char
char-intro.html#base-char
char-width
char-intro.html#char-width
char-sets
char-sets.html
latin-1-table
char-sets.html#latin-1-table
standard-char-table
char-sets.html#standard-char-table
semi-standard-char-table
char-sets.html#semi-standard-char-table
extra-named-chars-table
char-sets.html#extra-named-chars-table
ctrl-char-table
char-sets.html#ctrl-char-table
char-script
char-script.html
char-attrib
char-attrib.html
input-char
char-attrib.html#input-char
bit-table
char-attrib.html#bit-table
graph-char
graph-char.html
alpha-char
alpha-char.html
char-case
char-case.html
char-invertcase
char-case.html#char-invertcase
char-ext
char-case.html#char-ext
num-char
num-char.html
char-ord
char-ord.html
clhs-newline
clhs-newline.html
char-int
char-int.html
script-ext
script-ext.html
char-platform-dep
char-platform-dep.html
dos-win32-chars-table
char-platform-dep.html#dos-win32-chars-table
unix-chars-table
char-platform-dep.html#unix-chars-table
char-bits
char-bits.html
char-bits-table
char-bits.html#char-bits-table
conses
conses.html
cons-list
cons-list.html
map-func
cons-list.html#map-func
mapcap
cons-list.html#mapcap
maplap
cons-list.html#maplap
arrays
arrays.html
array-elts
array-elts.html
array-limit-table
array-elts.html#array-limit-table
strings
strings.html
string-misc
string-misc.html
string-comp
string-misc.html#string-comp
string-width
string-misc.html#string-width
string-invertcase
string-misc.html#string-invertcase
sequences
sequences.html
seq-func-ext
seq-func-ext.html
trim-if
seq-func-ext.html#trim-if
seq-macro-ext
seq-macro-ext.html
doseq
seq-macro-ext.html#doseq
nreverse-nreconc
nreverse-nreconc.html
rem-del
rem-del.html
count-ansi
rem-del.html#count-ansi
sorting
sorting.html
hash
hash.html
hash-mod-key
hash-mod-key.html
make-hash
make-hash.html
eq-hashfunction
make-hash.html#eq-hashfunction
eql-hashfunction
make-hash.html#eql-hashfunction
equal-hashfunction
make-hash.html#equal-hashfunction
hashtable-gc-rehash
make-hash.html#hashtable-gc-rehash
hashtable-gc-rehash-warn
make-hash.html#hashtable-gc-rehash-warn
defhash
defhash.html
ht-test
ht-test.html
dohash
dohash.html
filenames
filenames.html
device-prefix
filenames.html#device-prefix
min-filename-syntax-table
filenames.html#min-filename-syntax-table
path-components
path-components.html
path-dir-canon
path-components.html#path-dir-canon
path-platform-specific
path-components.html#path-platform-specific
unix-filename-table
path-components.html#unix-filename-table
win32-filename-table
path-components.html#win32-filename-table
name-type-split
path-components.html#name-type-split
unspecific
unspecific.html
path-external-notation
path-external-notation.html
unix-path-external-table
path-external-notation.html#unix-path-external-table
win32-path-external-table
path-external-notation.html#win32-path-external-table
log-path
log-path.html
filename-misc
filename-misc.html
path-des
filename-misc.html#path-des
path-match
filename-misc.html#path-match
translate-pathname
filename-misc.html#translate-pathname
translate-logpath
filename-misc.html#translate-logpath
parsename
filename-misc.html#parsename
pathmerge
filename-misc.html#pathmerge
load-lpt
filename-misc.html#load-lpt
absolute-pathname
filename-misc.html#absolute-pathname
files
files.html
dir-is-not-file
dir-is-not-file.html
probe-path
dir-is-not-file.html#probe-path
file-func
file-func.html
probe-file
file-func.html#probe-file
file-author
file-func.html#file-author
del-file
file-func.html#del-file
rename-file
file-func.html#rename-file
dir-func
dir-func.html
probe-dir
dir-func.html#probe-dir
directory
dir-func.html#directory
dir
dir-func.html#dir
cd
dir-func.html#cd
default-dir
dir-func.html#default-dir
make-dir
dir-func.html#make-dir
delete-dir
dir-func.html#delete-dir
rename-dir
dir-func.html#rename-dir
streams
streams.html
streams-interactive
streams-interactive.html
terminal
terminal.html
readline
terminal.html#readline
readline-config
terminal.html#readline-config
with-kbd
terminal.html#with-kbd
unix-kbd-keys
terminal.html#unix-kbd-keys
bin-io
bin-io.html
bin-input
bin-io.html#bin-input
endianness
bin-io.html#endianness
endianness-i
bin-io.html#endianness-i
bin-output
bin-io.html#bin-output
bulk-io
bulk-io.html
read-seq
bulk-io.html#read-seq
rd-by-seq
bulk-io.html#rd-by-seq
rd-ch-seq
bulk-io.html#rd-ch-seq
write-seq
bulk-io.html#write-seq
wr-by-seq
bulk-io.html#wr-by-seq
wr-ch-seq
bulk-io.html#wr-ch-seq
bulk-io-rationale
bulk-io.html#bulk-io-rationale
non-block-io
non-block-io.html
rcwhp
non-block-io.html#rcwhp
rbla
non-block-io.html#rbla
rbwhp
non-block-io.html#rbwhp
rbnh
non-block-io.html#rbnh
listen-byte
non-block-io.html#listen-byte
newline-convention
newline-convention.html
nl-question
newline-convention.html#nl-question
nl-trad-analysis
newline-convention.html#nl-trad-analysis
nl-conclusion
newline-convention.html#nl-conclusion
nl-solution
newline-convention.html#nl-solution
nl-elnl-analysis
newline-convention.html#nl-elnl-analysis
stream-extfmt
stream-extfmt.html
stream-eltype
stream-eltype.html
stream-eltype-stdio
stream-eltype.html#stream-eltype-stdio
bin-stdio
stream-eltype.html#bin-stdio
make-stream
make-stream.html
make-stream-warn-buffering
make-stream.html#make-stream-warn-buffering
file-pos
file-pos.html
elastic-newline
elastic-newline.html
open
open.html
eltype
open.html#eltype
extfmt
open.html#extfmt
buffered
open.html#buffered
reopen
open.html#reopen
close
close.html
open-stream-p
open-stream-p.html
broadcast-stream
broadcast-stream.html
stream-buffer
stream-buffer.html
stream-buffer-i
stream-buffer.html#stream-buffer-i
stream-buffer-o
stream-buffer.html#stream-buffer-o
printer
printer.html
multi-rep
multi-rep.html
pr-closure
multi-rep.html#pr-closure
pr-rpars
multi-rep.html#pr-rpars
pr-indent
multi-rep.html#pr-indent
ppr-first-newline
multi-rep.html#ppr-first-newline
write-float-decimal
write-float-decimal.html
spacecharprint
spacecharprint.html
sym-pack-prefix
sym-pack-prefix.html
pr-sym-pack-prefix
sym-pack-prefix.html#pr-sym-pack-prefix
print-vector
print-vector.html
print-array
print-array.html
pr-empty-arr-ansi
print-array.html#pr-empty-arr-ansi
pathprint
print-array.html#pathprint
clpp
clpp.html
pp-dispatch
clpp.html#pp-dispatch
print-formatted
print-formatted.html
format-bang
print-formatted.html#format-bang
format-dot
print-formatted.html#format-dot
write
write.html
print-unreadable-object
print-unreadable-object.html
pr-unreadable-ansi
print-unreadable-object.html#pr-unreadable-ansi
print-misc
print-misc.html
reader
reader.html
rt-case
rt-case.html
recursive-p
recursive-p.html
system
system.html
compilefile
compilefile.html
compile-file-arguments
compilefile.html#compile-file-arguments
compile-warn
compilefile.html#compile-warn
compile-file-new-files-table
compilefile.html#compile-file-new-files-table
c-file-overwrite
compilefile.html#c-file-overwrite
compile-file-path
compile-file-path.html
require
require.html
loadfile
loadfile.html
load-echo
loadfile.html#load-echo
load-comp
loadfile.html#load-comp
source-types
loadfile.html#source-types
compiled-types
loadfile.html#compiled-types
load-obs
loadfile.html#load-obs
load-paths
loadfile.html#load-paths
features
features.html
features-table
features.html#features-table
featurep
featurep.html
compiled-file-p
compiled-file-p.html
environment
environment.html
repl
repl.html
debugger-main-deb-step
repl.html#debugger-main-deb-step
debugger-deb-step
repl.html#debugger-deb-step
cur-frame
repl.html#cur-frame
debugger-deb-step-1
repl.html#debugger-deb-step-1
debugger-eval-apply
repl.html#debugger-eval-apply
debugger-deb
repl.html#debugger-deb
debugger-step
repl.html#debugger-step
user-commands
repl.html#user-commands
debugger
debugger.html
disassemble
debugger.html#disassemble
uncompile
debugger.html#uncompile
documentation
debugger.html#documentation
describe
debugger.html#describe
clhs-root
debugger.html#clhs-root
impnotes-root
debugger.html#impnotes-root
trace
debugger.html#trace
trace-val
debugger.html#trace-val
trace-out
debugger.html#trace-out
trace-indent
debugger.html#trace-indent
trace-eg
debugger.html#trace-eg
trace-call-id
debugger.html#trace-call-id
inspect
debugger.html#inspect
inspect-vars
debugger.html#inspect-vars
inspect-length
debugger.html#inspect-length
time
debugger.html#time
times
debugger.html#times
ed
debugger.html#ed
editor
debugger.html#editor
apropos
debugger.html#apropos
dribble
debugger.html#dribble
dribble-example
debugger.html#dribble-example
drist
debugger.html#drist
drist-p
debugger.html#drist-p
drist-so
debugger.html#drist-so
drist-ta
debugger.html#drist-ta
mk-drist
debugger.html#mk-drist
dri-toggle
debugger.html#dri-toggle
dribble-script
debugger.html#dribble-script
environment-enq
environment-enq.html
room
environment-enq.html#room
room-func
environment-enq.html#room-func
gc-sect
environment-enq.html#gc-sect
gc-func
environment-enq.html#gc-func
machine
environment-enq.html#machine
version
environment-enq.html#version
argv
environment-enq.html#argv
clock
clock.html
default-tz
clock.html#default-tz
internal-time-units-table
clock.html#internal-time-units-table
glossary
glossary.html
appendix
appendix.html
issues
issues.html
issues-list
issues.html#issues-list
iss001
issues.html#iss001
iss002
issues.html#iss002
iss003
issues.html#iss003
iss004
issues.html#iss004
iss005
issues.html#iss005
iss006
issues.html#iss006
iss007
issues.html#iss007
iss008
issues.html#iss008
iss009
issues.html#iss009
iss010
issues.html#iss010
iss011
issues.html#iss011
iss012
issues.html#iss012
iss013
issues.html#iss013
iss014
issues.html#iss014
iss015
issues.html#iss015
iss016
issues.html#iss016
iss017
issues.html#iss017
iss018
issues.html#iss018
iss019
issues.html#iss019
iss020
issues.html#iss020
iss021
issues.html#iss021
iss022
issues.html#iss022
iss023
issues.html#iss023
iss024
issues.html#iss024
iss025
issues.html#iss025
iss026
issues.html#iss026
iss027
issues.html#iss027
iss028
issues.html#iss028
iss029
issues.html#iss029
iss030
issues.html#iss030
iss031
issues.html#iss031
iss032
issues.html#iss032
iss033
issues.html#iss033
iss034
issues.html#iss034
iss035
issues.html#iss035
iss036
issues.html#iss036
iss037
issues.html#iss037
iss038
issues.html#iss038
iss039
issues.html#iss039
iss040
issues.html#iss040
iss041
issues.html#iss041
iss042
issues.html#iss042
iss043
issues.html#iss043
iss044
issues.html#iss044
iss045
issues.html#iss045
iss046
issues.html#iss046
iss047
issues.html#iss047
iss048
issues.html#iss048
iss049
issues.html#iss049
iss050
issues.html#iss050
iss051
issues.html#iss051
iss052
issues.html#iss052
iss053
issues.html#iss053
iss054
issues.html#iss054
iss055
issues.html#iss055
iss056
issues.html#iss056
iss057
issues.html#iss057
iss058
issues.html#iss058
iss059
issues.html#iss059
iss060
issues.html#iss060
iss061
issues.html#iss061
iss062
issues.html#iss062
iss063
issues.html#iss063
iss064
issues.html#iss064
iss065
issues.html#iss065
iss066
issues.html#iss066
iss067
issues.html#iss067
iss068
issues.html#iss068
iss069
issues.html#iss069
iss070
issues.html#iss070
iss071
issues.html#iss071
iss072
issues.html#iss072
iss073
issues.html#iss073
iss074
issues.html#iss074
iss075
issues.html#iss075
iss076
issues.html#iss076
iss077
issues.html#iss077
iss078
issues.html#iss078
iss079
issues.html#iss079
iss080
issues.html#iss080
iss081
issues.html#iss081
iss082
issues.html#iss082
iss083
issues.html#iss083
iss084
issues.html#iss084
iss085
issues.html#iss085
iss086
issues.html#iss086
iss087
issues.html#iss087
iss088
issues.html#iss088
iss089
issues.html#iss089
iss090
issues.html#iss090
iss091
issues.html#iss091
iss092
issues.html#iss092
iss093
issues.html#iss093
iss094
issues.html#iss094
iss095
issues.html#iss095
iss096
issues.html#iss096
iss097
issues.html#iss097
iss098
issues.html#iss098
iss099
issues.html#iss099
iss100
issues.html#iss100
iss101
issues.html#iss101
iss102
issues.html#iss102
iss103
issues.html#iss103
iss104
issues.html#iss104
iss105
issues.html#iss105
iss106
issues.html#iss106
iss107
issues.html#iss107
iss108
issues.html#iss108
iss109
issues.html#iss109
iss110
issues.html#iss110
iss111
issues.html#iss111
iss112
issues.html#iss112
iss113
issues.html#iss113
iss114
issues.html#iss114
iss115
issues.html#iss115
iss116
issues.html#iss116
iss117
issues.html#iss117
iss118
issues.html#iss118
iss119
issues.html#iss119
iss120
issues.html#iss120
iss121
issues.html#iss121
iss122
issues.html#iss122
iss123
issues.html#iss123
iss124
issues.html#iss124
iss125
issues.html#iss125
iss126
issues.html#iss126
iss127
issues.html#iss127
iss128
issues.html#iss128
iss129
issues.html#iss129
iss130
issues.html#iss130
iss131
issues.html#iss131
iss132
issues.html#iss132
iss133
issues.html#iss133
iss134
issues.html#iss134
iss135
issues.html#iss135
iss136
issues.html#iss136
iss137
issues.html#iss137
iss138
issues.html#iss138
iss139
issues.html#iss139
iss140
issues.html#iss140
iss141
issues.html#iss141
iss142
issues.html#iss142
iss143
issues.html#iss143
iss144
issues.html#iss144
iss145
issues.html#iss145
iss146
issues.html#iss146
iss147
issues.html#iss147
iss148
issues.html#iss148
iss149
issues.html#iss149
iss150
issues.html#iss150
iss151
issues.html#iss151
iss152
issues.html#iss152
iss153
issues.html#iss153
iss154
issues.html#iss154
iss155
issues.html#iss155
iss156
issues.html#iss156
iss157
issues.html#iss157
iss158
issues.html#iss158
iss159
issues.html#iss159
iss160
issues.html#iss160
iss161
issues.html#iss161
iss162
issues.html#iss162
iss163
issues.html#iss163
iss164
issues.html#iss164
iss165
issues.html#iss165
iss166
issues.html#iss166
iss167
issues.html#iss167
iss168
issues.html#iss168
iss169
issues.html#iss169
iss170
issues.html#iss170
iss171
issues.html#iss171
iss172
issues.html#iss172
iss173
issues.html#iss173
iss174
issues.html#iss174
iss175
issues.html#iss175
iss176
issues.html#iss176
iss177
issues.html#iss177
iss178
issues.html#iss178
iss179
issues.html#iss179
iss180
issues.html#iss180
iss181
issues.html#iss181
iss182
issues.html#iss182
iss183
issues.html#iss183
iss184
issues.html#iss184
iss185
issues.html#iss185
iss186
issues.html#iss186
iss187
issues.html#iss187
iss188
issues.html#iss188
iss189
issues.html#iss189
iss190
issues.html#iss190
iss191
issues.html#iss191
iss192
issues.html#iss192
iss193
issues.html#iss193
iss194
issues.html#iss194
iss195
issues.html#iss195
iss196
issues.html#iss196
iss197
issues.html#iss197
iss198
issues.html#iss198
iss199
issues.html#iss199
iss200
issues.html#iss200
iss201
issues.html#iss201
iss202
issues.html#iss202
iss203
issues.html#iss203
iss204
issues.html#iss204
iss205
issues.html#iss205
iss206
issues.html#iss206
iss207
issues.html#iss207
iss208
issues.html#iss208
iss209
issues.html#iss209
iss210
issues.html#iss210
iss211
issues.html#iss211
iss212
issues.html#iss212
iss213
issues.html#iss213
iss214
issues.html#iss214
iss215
issues.html#iss215
iss216
issues.html#iss216
iss217
issues.html#iss217
iss218
issues.html#iss218
iss219
issues.html#iss219
iss220
issues.html#iss220
iss221
issues.html#iss221
iss222
issues.html#iss222
iss223
issues.html#iss223
iss224
issues.html#iss224
iss225
issues.html#iss225
iss226
issues.html#iss226
iss227
issues.html#iss227
iss228
issues.html#iss228
iss229
issues.html#iss229
iss230
issues.html#iss230
iss231
issues.html#iss231
iss232
issues.html#iss232
iss233
issues.html#iss233
iss234
issues.html#iss234
iss235
issues.html#iss235
iss236
issues.html#iss236
iss237
issues.html#iss237
iss238
issues.html#iss238
iss239
issues.html#iss239
iss240
issues.html#iss240
iss241
issues.html#iss241
iss242
issues.html#iss242
iss243
issues.html#iss243
iss244
issues.html#iss244
iss245
issues.html#iss245
iss246
issues.html#iss246
iss247
issues.html#iss247
iss248
issues.html#iss248
iss249
issues.html#iss249
iss250
issues.html#iss250
iss251
issues.html#iss251
iss252
issues.html#iss252
iss253
issues.html#iss253
iss254
issues.html#iss254
iss255
issues.html#iss255
iss256
issues.html#iss256
iss257
issues.html#iss257
iss258
issues.html#iss258
iss259
issues.html#iss259
iss260
issues.html#iss260
iss261
issues.html#iss261
iss262
issues.html#iss262
iss263
issues.html#iss263
iss264
issues.html#iss264
iss265
issues.html#iss265
iss266
issues.html#iss266
iss267
issues.html#iss267
iss268
issues.html#iss268
iss269
issues.html#iss269
iss270
issues.html#iss270
iss271
issues.html#iss271
iss272
issues.html#iss272
iss273
issues.html#iss273
iss274
issues.html#iss274
iss275
issues.html#iss275
iss276
issues.html#iss276
iss277
issues.html#iss277
iss278
issues.html#iss278
iss279
issues.html#iss279
iss280
issues.html#iss280
iss281
issues.html#iss281
iss282
issues.html#iss282
iss283
issues.html#iss283
iss284
issues.html#iss284
iss285
issues.html#iss285
iss286
issues.html#iss286
iss287
issues.html#iss287
iss288
issues.html#iss288
iss289
issues.html#iss289
iss290
issues.html#iss290
iss291
issues.html#iss291
iss292
issues.html#iss292
iss293
issues.html#iss293
iss294
issues.html#iss294
iss295
issues.html#iss295
iss296
issues.html#iss296
iss297
issues.html#iss297
iss298
issues.html#iss298
iss299
issues.html#iss299
iss300
issues.html#iss300
iss301
issues.html#iss301
iss302
issues.html#iss302
iss303
issues.html#iss303
iss304
issues.html#iss304
iss305
issues.html#iss305
iss306
issues.html#iss306
iss307
issues.html#iss307
iss308
issues.html#iss308
iss309
issues.html#iss309
iss310
issues.html#iss310
iss311
issues.html#iss311
iss312
issues.html#iss312
iss313
issues.html#iss313
iss314
issues.html#iss314
iss315
issues.html#iss315
iss316
issues.html#iss316
iss317
issues.html#iss317
iss318
issues.html#iss318
iss319
issues.html#iss319
iss320
issues.html#iss320
iss321
issues.html#iss321
iss322
issues.html#iss322
iss323
issues.html#iss323
iss324
issues.html#iss324
iss325
issues.html#iss325
iss326
issues.html#iss326
iss327
issues.html#iss327
iss328
issues.html#iss328
iss329
issues.html#iss329
iss330
issues.html#iss330
iss331
issues.html#iss331
iss332
issues.html#iss332
iss333
issues.html#iss333
iss334
issues.html#iss334
iss335
issues.html#iss335
iss336
issues.html#iss336
iss337
issues.html#iss337
iss338
issues.html#iss338
iss339
issues.html#iss339
iss340
issues.html#iss340
iss341
issues.html#iss341
iss342
issues.html#iss342
iss343
issues.html#iss343
iss344
issues.html#iss344
iss345
issues.html#iss345
iss346
issues.html#iss346
iss347
issues.html#iss347
iss348
issues.html#iss348
iss349
issues.html#iss349
iss350
issues.html#iss350
iss351
issues.html#iss351
iss352
issues.html#iss352
iss353
issues.html#iss353
iss354
issues.html#iss354
iss355
issues.html#iss355
iss356
issues.html#iss356
iss357
issues.html#iss357
iss358
issues.html#iss358
iss359
issues.html#iss359
iss360
issues.html#iss360
iss361
issues.html#iss361
iss362
issues.html#iss362
iss363
issues.html#iss363
iss364
issues.html#iss364
iss365
issues.html#iss365
iss366
issues.html#iss366
ext-standard
ext-standard.html
mop-chap
mop-chap.html
mop-intro
mop-intro.html
mop-intro-notation
mop-intro.html#mop-intro-notation
mop-package
mop-intro.html#mop-package
mop-overview
mop-overview.html
mop-metaobjects
mop-overview.html#mop-metaobjects
mop-ba-mo-cl
mop-overview.html#mop-ba-mo-cl
mo-cl
mop-overview.html#mo-cl
mop-mo
mop-overview.html#mop-mo
mop-mo-classes
mop-overview.html#mop-mo-classes
mop-class-mo
mop-overview.html#mop-class-mo
mop-mo-slot-defs
mop-overview.html#mop-mo-slot-defs
mop-slot-def-mo
mop-overview.html#mop-slot-def-mo
mop-dsd-mo
mop-overview.html#mop-dsd-mo
mop-esd-mo
mop-overview.html#mop-esd-mo
mop-mo-gen-funs
mop-overview.html#mop-mo-gen-funs
mop-gen-fun-mo
mop-overview.html#mop-gen-fun-mo
mop-mo-methods
mop-overview.html#mop-mo-methods
mop-method-mo
mop-overview.html#mop-method-mo
mop-mo-spec
mop-overview.html#mop-mo-spec
spec-mo
mop-overview.html#spec-mo
mop-mo-meth-combs
mop-overview.html#mop-mo-meth-combs
mop-meth-comp-mo
mop-overview.html#mop-meth-comp-mo
mop-mo-cl-inheritance
mop-overview.html#mop-mo-cl-inheritance
mop-mo-cl-inheritance-fig
mop-overview.html#mop-mo-cl-inheritance-fig
mop-inherit-struct
mop-overview.html#mop-inherit-struct
std-mo
mop-overview.html#std-mo
forward-referenced-class-clisp
mop-overview.html#forward-referenced-class-clisp
frc-bad
mop-overview.html#frc-bad
mop-ov-impl-and-user-spec
mop-overview.html#mop-ov-impl-and-user-spec
mo-specified
mop-overview.html#mo-specified
mo-impl
mop-overview.html#mo-impl
mo-portable
mop-overview.html#mo-portable
class-interposed
mop-overview.html#class-interposed
method-specialized
mop-overview.html#method-specialized
method-promoted
mop-overview.html#method-promoted
method-extends
mop-overview.html#method-extends
method-overrides
mop-overview.html#method-overrides
mop-portable-restrictions
mop-overview.html#mop-portable-restrictions
mop-mo-redef-clisp-warn
mop-overview.html#mop-mo-redef-clisp-warn
mop-impl-restrictions
mop-overview.html#mop-impl-restrictions
mop-ui-macro
mop-overview.html#mop-ui-macro
mop-compile-ui-macro
mop-overview.html#mop-compile-ui-macro
mop-ov-ui-others
mop-overview.html#mop-ov-ui-others
mop-ov-mo-init
mop-overview.html#mop-ov-mo-init
mop-classes
mop-classes.html
mop-cl-defclass
mop-classes.html#mop-cl-defclass
mop-cl-defclass-ex-1
mop-classes.html#mop-cl-defclass-ex-1
mop-cl-defclass-ex-2
mop-classes.html#mop-cl-defclass-ex-2
mop-canonicalized-slot-spec
mop-classes.html#mop-canonicalized-slot-spec
mop-canonicalized-default-initarg
mop-classes.html#mop-canonicalized-default-initarg
mop-cl-Inheritance
mop-classes.html#mop-cl-Inheritance
mop-cl-Inheritance-fig
mop-classes.html#mop-cl-Inheritance-fig
mop-cl-readers
mop-classes.html#mop-cl-readers
class-name
mop-classes.html#class-name
class-direct-superclasses
mop-classes.html#class-direct-superclasses
class-direct-slots
mop-classes.html#class-direct-slots
class-direct-default-initargs
mop-classes.html#class-direct-default-initargs
cpl
mop-classes.html#cpl
class-direct-subclasses
mop-classes.html#class-direct-subclasses
class-slots
mop-classes.html#class-slots
class-default-initargs
mop-classes.html#class-default-initargs
class-finalized-p
mop-classes.html#class-finalized-p
class-prototype
mop-classes.html#class-prototype
class-prototype-ex
mop-classes.html#class-prototype-ex
mop-cl-readers-methods
mop-classes.html#mop-cl-readers-methods
mop-cl-readers-methods-tab
mop-classes.html#mop-cl-readers-methods-tab
CRM-1
mop-classes.html#CRM-1
CRM-2
mop-classes.html#CRM-2
CRM-3
mop-classes.html#CRM-3
CRM-4
mop-classes.html#CRM-4
CRM-5
mop-classes.html#CRM-5
CRM-6
mop-classes.html#CRM-6
CRM-7
mop-classes.html#CRM-7
CRM-8
mop-classes.html#CRM-8
CRM-9
mop-classes.html#CRM-9
CRM-10
mop-classes.html#CRM-10
mop-cl-finalization
mop-classes.html#mop-cl-finalization
class-finalization
mop-classes.html#class-finalization
mop-cl-init
mop-classes.html#mop-cl-init
mop-cl-init-mo
mop-classes.html#mop-cl-init-mo
class-mo-initargs
mop-classes.html#class-mo-initargs
class-mo-init-methods
mop-classes.html#class-mo-init-methods
mop-cl-init-anon
mop-classes.html#mop-cl-init-anon
class-anonymous
mop-classes.html#class-anonymous
mop-cl-reinit-mo
mop-classes.html#mop-cl-reinit-mo
mop-cl-customize
mop-classes.html#mop-cl-customize
setf-class-name
mop-classes.html#setf-class-name
ensure-class
mop-classes.html#ensure-class
ensure-class-UC
mop-classes.html#ensure-class-UC
finalize-inheritance
mop-classes.html#finalize-inheritance
mop-make-instance
mop-classes.html#mop-make-instance
alloc-instance
mop-classes.html#alloc-instance
validate-superclass
mop-classes.html#validate-superclass
compute-dsd-initargs
mop-classes.html#compute-dsd-initargs
dsd-class
mop-classes.html#dsd-class
compute-cpl
mop-classes.html#compute-cpl
compute-slots
mop-classes.html#compute-slots
compute-esd
mop-classes.html#compute-esd
compute-esd-initargs
mop-classes.html#compute-esd-initargs
esd-class
mop-classes.html#esd-class
compute-default-initargs
mop-classes.html#compute-default-initargs
mop-cl-dep
mop-classes.html#mop-cl-dep
add-direct-subclass
mop-classes.html#add-direct-subclass
remove-direct-subclass
mop-classes.html#remove-direct-subclass
mop-sd
mop-sd.html
mop-sd-inheritance
mop-sd.html#mop-sd-inheritance
mop-sd-inheritance-fig
mop-sd.html#mop-sd-inheritance-fig
mop-sd-readers
mop-sd.html#mop-sd-readers
mop-sd-readers-GFs
mop-sd.html#mop-sd-readers-GFs
slotdef-name
mop-sd.html#slotdef-name
slotdef-allocation
mop-sd.html#slotdef-allocation
slotdef-initform
mop-sd.html#slotdef-initform
slotdef-initfunction
mop-sd.html#slotdef-initfunction
slotdef-type
mop-sd.html#slotdef-type
slotdef-initargs
mop-sd.html#slotdef-initargs
slotd-mo-readers-methods
mop-sd.html#slotd-mo-readers-methods
slotd-mo-readers-dsd
mop-sd.html#slotd-mo-readers-dsd
slotdef-readers
mop-sd.html#slotdef-readers
slotdef-writers
mop-sd.html#slotdef-writers
slotd-mo-readers-esd
mop-sd.html#slotd-mo-readers-esd
slotdef-location
mop-sd.html#slotdef-location
mop-sd-init
mop-sd.html#mop-sd-init
slotd-mo-initargs
mop-sd.html#slotd-mo-initargs
slotdef-mo-methods
mop-sd.html#slotdef-mo-methods
mop-gf
mop-gf.html
mop-gf-inheritance
mop-gf.html#mop-gf-inheritance
mop-gf-inheritance-fig
mop-gf.html#mop-gf-inheritance-fig
mop-gf-readers
mop-gf.html#mop-gf-readers
gf-name
mop-gf.html#gf-name
gf-methods
mop-gf.html#gf-methods
gf-lambda-list
mop-gf.html#gf-lambda-list
gf-argument-precedence-order
mop-gf.html#gf-argument-precedence-order
gf-declarations
mop-gf.html#gf-declarations
gf-method-class
mop-gf.html#gf-method-class
gf-method-combination
mop-gf.html#gf-method-combination
gf-name-methods
mop-gf.html#gf-name-methods
mop-gf-init
mop-gf.html#mop-gf-init
mop-gf-init-defgeneric
mop-gf.html#mop-gf-init-defgeneric
mop-defgeneric-user-options
mop-gf.html#mop-defgeneric-user-options
mop-gf-invocation
mop-gf.html#mop-gf-invocation
effective-method
mop-gf.html#effective-method
me-func
mop-gf.html#me-func
mop-gf-init-mo
mop-gf.html#mop-gf-init-mo
gf-mo-initargs
mop-gf.html#gf-mo-initargs
gf-mo-init-methods
mop-gf.html#gf-mo-init-methods
mop-gf-customize
mop-gf.html#mop-gf-customize
setf-gf-name
mop-gf.html#setf-gf-name
ensure-gf
mop-gf.html#ensure-gf
ensure-gf-UC
mop-gf.html#ensure-gf-UC
mop-add-method
mop-gf.html#mop-add-method
mop-remove-method
mop-gf.html#mop-remove-method
compute-applicable-methods
mop-gf.html#compute-applicable-methods
mop-cam-remarks
mop-gf.html#mop-cam-remarks
compute-applicable-methods-UC
mop-gf.html#compute-applicable-methods-UC
mop-cam-UC-remarks
mop-gf.html#mop-cam-UC-remarks
compute-effective-method
mop-gf.html#compute-effective-method
compute-effective-method-as-function
mop-gf.html#compute-effective-method-as-function
make-method-lambda
mop-gf.html#make-method-lambda
make-method-lambda-ex
mop-gf.html#make-method-lambda-ex
no-make-method-lambda
mop-gf.html#no-make-method-lambda
method-functions-args
mop-gf.html#method-functions-args
compute-discriminating-function
mop-gf.html#compute-discriminating-function
mop-meth
mop-meth.html
mop-meth-inheritance
mop-meth.html#mop-meth-inheritance
mop-meth-inheritance-fig
mop-meth.html#mop-meth-inheritance-fig
mop-meth-mo-readers
mop-meth.html#mop-meth-mo-readers
method-specializers
mop-meth.html#method-specializers
method-qualifiers
mop-meth.html#method-qualifiers
method-lambda-list
mop-meth.html#method-lambda-list
method-gf
mop-meth.html#method-gf
method-function
mop-meth.html#method-function
mop-meth-mo-readers-methods
mop-meth.html#mop-meth-mo-readers-methods
mop-meth-init
mop-meth.html#mop-meth-init
mop-meth-init-defmethod
mop-meth.html#mop-meth-init-defmethod
defmethod-ex-1
mop-meth.html#defmethod-ex-1
mop-meth-init-defmethod-body
mop-meth.html#mop-meth-init-defmethod-body
defmethod-ex-2
mop-meth.html#defmethod-ex-2
method-lambda
mop-meth.html#method-lambda
mop-meth-init-defmethod-mo
mop-meth.html#mop-meth-init-defmethod-mo
mop-meth-efficiency
mop-meth.html#mop-meth-efficiency
mop-meth-init-mo
mop-meth.html#mop-meth-init-mo
mop-meth-initargs
mop-meth.html#mop-meth-initargs
mop-meth-init-mo-method
mop-meth.html#mop-meth-init-mo-method
mop-meth-customize
mop-meth.html#mop-meth-customize
extract-lambda-list
mop-meth.html#extract-lambda-list
extract-lambda-list-ex
mop-meth.html#extract-lambda-list-ex
extract-specializer-names
mop-meth.html#extract-specializer-names
extract-specializer-names-ex
mop-meth.html#extract-specializer-names-ex
mop-accessors
mop-accessors.html
mop-acc-readers
mop-accessors.html#mop-acc-readers
accessor-method-slotdef
mop-accessors.html#accessor-method-slotdef
mop-acc-customize
mop-accessors.html#mop-acc-customize
reader-method-class
mop-accessors.html#reader-method-class
writer-method-class
mop-accessors.html#writer-method-class
mop-specializers
mop-specializers.html
mop-specializers-inheritance
mop-specializers.html#mop-specializers-inheritance
mop-specializers-inheritance-fig
mop-specializers.html#mop-specializers-inheritance-fig
mop-spec-readers
mop-specializers.html#mop-spec-readers
eql-specializer-object
mop-specializers.html#eql-specializer-object
mop-spec-init
mop-specializers.html#mop-spec-init
intern-eql-specializer
mop-specializers.html#intern-eql-specializer
mop-spec-dep
mop-specializers.html#mop-spec-dep
specializer-direct-methods
mop-specializers.html#specializer-direct-methods
specializer-direct-gfs
mop-specializers.html#specializer-direct-gfs
add-direct-method
mop-specializers.html#add-direct-method
remove-direct-method
mop-specializers.html#remove-direct-method
mop-meth-comb
mop-meth-comb.html
mop-meth-comb-inheritance
mop-meth-comb.html#mop-meth-comb-inheritance
mop-meth-comb-inheritance-fig
mop-meth-comb.html#mop-meth-comb-inheritance-fig
mop-meth-comb-customize
mop-meth-comb.html#mop-meth-comb-customize
find-method-combination
mop-meth-comb.html#find-method-combination
mop-slot-access
mop-slot-access.html
mop-sa-instance-struct
mop-slot-access.html#mop-sa-instance-struct
mop-sa-instance-struct-table
mop-slot-access.html#mop-sa-instance-struct-table
slot-directly-accessible
mop-slot-access.html#slot-directly-accessible
slot-location
mop-slot-access.html#slot-location
mop-sa-instance-struct-ex
mop-slot-access.html#mop-sa-instance-struct-ex
mop-sa-funcallable
mop-slot-access.html#mop-sa-funcallable
mop-sa-funcallable-ex
mop-slot-access.html#mop-sa-funcallable-ex
mop-sa-customize
mop-slot-access.html#mop-sa-customize
standard-instance-access
mop-slot-access.html#standard-instance-access
funcallable-standard-instance-access
mop-slot-access.html#funcallable-standard-instance-access
set-fif
mop-slot-access.html#set-fif
slot-value-UC
mop-slot-access.html#slot-value-UC
setf-slot-value-UC
mop-slot-access.html#setf-slot-value-UC
slot-boundp-UC
mop-slot-access.html#slot-boundp-UC
slot-makunbound-UC
mop-slot-access.html#slot-makunbound-UC
mop-dep-maint
mop-dep-maint.html
mop-dep-maint-ex
mop-dep-maint.html#mop-dep-maint-ex
mop-dep-maint-protocol
mop-dep-maint.html#mop-dep-maint-protocol
update-dependent
mop-dep-maint.html#update-dependent
add-dependent
mop-dep-maint.html#add-dependent
remove-dependent
mop-dep-maint.html#remove-dependent
map-dependents
mop-dep-maint.html#map-dependents
mop-clisp
mop-clisp.html
mop-not-in-clisp
mop-clisp.html#mop-not-in-clisp
mop-clisp-different
mop-clisp.html#mop-clisp-different
mop-clisp-ext
mop-clisp.html#mop-clisp-ext
mop-clisp-warn
mop-clisp.html#mop-clisp-warn
mop-clisp-gf-already-called-warning
mop-clisp.html#mop-clisp-gf-already-called-warning
mop-clisp-gf-already-called-warning-code
mop-clisp.html#mop-clisp-gf-already-called-warning-code
mop-clisp-gf-already-called-warning-motivation
mop-clisp.html#mop-clisp-gf-already-called-warning-motivation
mop-clisp-gf-replacing-method-warning
mop-clisp.html#mop-clisp-gf-replacing-method-warning
mop-clisp-gf-replacing-method-warning-motivation
mop-clisp.html#mop-clisp-gf-replacing-method-warning-motivation
gray
gray.html
gray-overview
gray-overview.html
gray-classes
gray-classes.html
fu-st
gray-classes.html#fu-st
fu-st-in
gray-classes.html#fu-st-in
fu-st-out
gray-classes.html#fu-st-out
fu-st-char
gray-classes.html#fu-st-char
fu-st-bin
gray-classes.html#fu-st-bin
gray-gf-general
gray-gf-general.html
st-position
gray-gf-general.html#st-position
st-rd-seq
gray-gf-general.html#st-rd-seq
st-wr-seq
gray-gf-general.html#st-wr-seq
gray-gf-char-in
gray-gf-char-in.html
st-rc
gray-gf-char-in.html#st-rc
st-uc
gray-gf-char-in.html#st-uc
st-rcnh
gray-gf-char-in.html#st-rcnh
st-rd-cs
gray-gf-char-in.html#st-rd-cs
gray-gf-char-out
gray-gf-char-out.html
st-wc
gray-gf-char-out.html#st-wc
st-lc
gray-gf-char-out.html#st-lc
st-wr-cs
gray-gf-char-out.html#st-wr-cs
gray-gf-byte-in
gray-gf-byte-in.html
st-rb
gray-gf-byte-in.html#st-rb
st-rbla
gray-gf-byte-in.html#st-rbla
st-rbwhp
gray-gf-byte-in.html#st-rbwhp
st-rbnh
gray-gf-byte-in.html#st-rbnh
st-rd-bs
gray-gf-byte-in.html#st-rd-bs
gray-gf-byte-out
gray-gf-byte-out.html
st-wr-bs
gray-gf-byte-out.html#st-wr-bs
fill-stream
fill-stream.html
ex-fill-stream
fill-stream.html#ex-fill-stream
ext-clisp
ext-clisp.html
ext-p-indep
ext-p-indep.html
custom-init-fini
custom-init-fini.html
cradle-grave
custom-init-fini.html#cradle-grave
init-hooks
custom-init-fini.html#init-hooks
init-hooks-function
custom-init-fini.html#init-hooks-function
fini-hooks
custom-init-fini.html#fini-hooks
image
image.html
init-func
image.html#init-func
image-doc
image.html#image-doc
image-exec
image.html#image-exec
image-portability
image.html#image-portability
quit
quit.html
i18n
i18n.html
language
i18n.html#language
curr-lang
i18n.html#curr-lang
deflang
i18n.html#deflang
def-i-l
i18n.html#def-i-l
defloc
i18n.html#defloc
localized
i18n.html#localized
encoding
encoding.html
encodings-intro
encoding.html#encodings-intro
enc1-1
encoding.html#enc1-1
charset
encoding.html#charset
charset-symbols
encoding.html#charset-symbols
charset-symbol-list
encoding.html#charset-symbol-list
charset-UCS-2
encoding.html#charset-UCS-2
charset-UNICODE-16-LITTLE-ENDIAN
encoding.html#charset-UNICODE-16-LITTLE-ENDIAN
charset-UCS-4
encoding.html#charset-UCS-4
charset-UNICODE-32-LITTLE-ENDIAN
encoding.html#charset-UNICODE-32-LITTLE-ENDIAN
charset-UTF-8
encoding.html#charset-UTF-8
charset-UTF-16
encoding.html#charset-UTF-16
charset-UTF-7
encoding.html#charset-UTF-7
charset-JAVA
encoding.html#charset-JAVA
charset-ASCII
encoding.html#charset-ASCII
charset-ISO-8859-1
encoding.html#charset-ISO-8859-1
charset-ISO-8859-2
encoding.html#charset-ISO-8859-2
charset-ISO-8859-3
encoding.html#charset-ISO-8859-3
charset-ISO-8859-4
encoding.html#charset-ISO-8859-4
charset-ISO-8859-5
encoding.html#charset-ISO-8859-5
charset-ISO-8859-6
encoding.html#charset-ISO-8859-6
charset-ISO-8859-7
encoding.html#charset-ISO-8859-7
charset-ISO-8859-8
encoding.html#charset-ISO-8859-8
charset-ISO-8859-9
encoding.html#charset-ISO-8859-9
charset-ISO-8859-10
encoding.html#charset-ISO-8859-10
charset-ISO-8859-13
encoding.html#charset-ISO-8859-13
charset-ISO-8859-14
encoding.html#charset-ISO-8859-14
charset-ISO-8859-15
encoding.html#charset-ISO-8859-15
charset-ISO-8859-16
encoding.html#charset-ISO-8859-16
charset-KOI8-R
encoding.html#charset-KOI8-R
charset-KOI8-U
encoding.html#charset-KOI8-U
charset-KOI8-RU
encoding.html#charset-KOI8-RU
charset-MAC-ARABIC
encoding.html#charset-MAC-ARABIC
charset-MAC-CENTRAL-EUROPE
encoding.html#charset-MAC-CENTRAL-EUROPE
charset-MAC-CROATIAN
encoding.html#charset-MAC-CROATIAN
charset-MAC-CYRILLIC
encoding.html#charset-MAC-CYRILLIC
charset-MAC-DINGBAT
encoding.html#charset-MAC-DINGBAT
charset-MAC-GREEK
encoding.html#charset-MAC-GREEK
charset-MAC-HEBREW
encoding.html#charset-MAC-HEBREW
charset-MAC-ICELAND
encoding.html#charset-MAC-ICELAND
charset-MAC-ROMAN
encoding.html#charset-MAC-ROMAN
charset-MAC-ROMANIA
encoding.html#charset-MAC-ROMANIA
charset-MAC-SYMBOL
encoding.html#charset-MAC-SYMBOL
charset-MAC-THAI
encoding.html#charset-MAC-THAI
charset-MAC-TURKISH
encoding.html#charset-MAC-TURKISH
charset-MAC-UKRAINE
encoding.html#charset-MAC-UKRAINE
charset-CP437
encoding.html#charset-CP437
charset-CP437-IBM
encoding.html#charset-CP437-IBM
charset-CP737
encoding.html#charset-CP737
charset-CP775
encoding.html#charset-CP775
charset-CP850
encoding.html#charset-CP850
charset-CP852
encoding.html#charset-CP852
charset-CP852-IBM
encoding.html#charset-CP852-IBM
charset-CP855
encoding.html#charset-CP855
charset-CP857
encoding.html#charset-CP857
charset-CP860
encoding.html#charset-CP860
charset-CP860-IBM
encoding.html#charset-CP860-IBM
charset-CP861
encoding.html#charset-CP861
charset-CP861-IBM
encoding.html#charset-CP861-IBM
charset-CP862
encoding.html#charset-CP862
charset-CP862-IBM
encoding.html#charset-CP862-IBM
charset-CP863
encoding.html#charset-CP863
charset-CP863-IBM
encoding.html#charset-CP863-IBM
charset-CP864
encoding.html#charset-CP864
charset-CP864-IBM
encoding.html#charset-CP864-IBM
charset-CP865
encoding.html#charset-CP865
charset-CP865-IBM
encoding.html#charset-CP865-IBM
charset-CP866
encoding.html#charset-CP866
charset-CP869
encoding.html#charset-CP869
charset-CP869-IBM
encoding.html#charset-CP869-IBM
charset-CP874
encoding.html#charset-CP874
charset-CP874-IBM
encoding.html#charset-CP874-IBM
charset-WINDOWS-1250
encoding.html#charset-WINDOWS-1250
charset-WINDOWS-1251
encoding.html#charset-WINDOWS-1251
charset-WINDOWS-1252
encoding.html#charset-WINDOWS-1252
charset-WINDOWS-1253
encoding.html#charset-WINDOWS-1253
charset-WINDOWS-1254
encoding.html#charset-WINDOWS-1254
charset-WINDOWS-1255
encoding.html#charset-WINDOWS-1255
charset-WINDOWS-1256
encoding.html#charset-WINDOWS-1256
charset-WINDOWS-1257
encoding.html#charset-WINDOWS-1257
charset-WINDOWS-1258
encoding.html#charset-WINDOWS-1258
charset-HP-ROMAN8
encoding.html#charset-HP-ROMAN8
charset-NEXTSTEP
encoding.html#charset-NEXTSTEP
charset-EUC-JP
encoding.html#charset-EUC-JP
charset-SHIFT-JIS
encoding.html#charset-SHIFT-JIS
charset-CP932
encoding.html#charset-CP932
charset-ISO-2022-JP
encoding.html#charset-ISO-2022-JP
charset-ISO-2022-JP-2
encoding.html#charset-ISO-2022-JP-2
charset-ISO-2022-JP-1
encoding.html#charset-ISO-2022-JP-1
charset-EUC-CN
encoding.html#charset-EUC-CN
charset-HZ
encoding.html#charset-HZ
charset-GBK
encoding.html#charset-GBK
charset-CP936
encoding.html#charset-CP936
charset-GB18030
encoding.html#charset-GB18030
charset-EUC-TW
encoding.html#charset-EUC-TW
charset-BIG5
encoding.html#charset-BIG5
charset-CP950
encoding.html#charset-CP950
charset-BIG5-HKSCS
encoding.html#charset-BIG5-HKSCS
charset-ISO-2022-CN
encoding.html#charset-ISO-2022-CN
charset-ISO-2022-CN-EXT
encoding.html#charset-ISO-2022-CN-EXT
charset-EUC-KR
encoding.html#charset-EUC-KR
charset-CP949
encoding.html#charset-CP949
charset-ISO-2022-KR
encoding.html#charset-ISO-2022-KR
charset-JOHAB
encoding.html#charset-JOHAB
charset-ARMSCII-8
encoding.html#charset-ARMSCII-8
charset-GEORGIAN-ACADEMY
encoding.html#charset-GEORGIAN-ACADEMY
charset-GEORGIAN-PS
encoding.html#charset-GEORGIAN-PS
charset-TIS-620
encoding.html#charset-TIS-620
charset-MULELAO-1
encoding.html#charset-MULELAO-1
charset-CP1133
encoding.html#charset-CP1133
charset-VISCII
encoding.html#charset-VISCII
charset-TCVN
encoding.html#charset-TCVN
base64
encoding.html#base64
iconv
encoding.html#iconv
newline
encoding.html#newline
make-encoding
encoding.html#make-encoding
enc-charset
encoding.html#enc-charset
enc-dflt
encoding.html#enc-dflt
def-file-enc
encoding.html#def-file-enc
path-enc
encoding.html#path-enc
term-enc
encoding.html#term-enc
misc-enc
encoding.html#misc-enc
foreign-enc
encoding.html#foreign-enc
line-term-default
encoding.html#line-term-default
cygwin-line-term-default
encoding.html#cygwin-line-term-default
string-byte
encoding.html#string-byte
gstream
gstream.html
weak
weak.html
weak-pointer
weak.html#weak-pointer
weak-list
weak.html#weak-list
weak-and-relation
weak.html#weak-and-relation
weak-or-relation
weak.html#weak-or-relation
weak-mapping
weak.html#weak-mapping
weak-and-mapping
weak.html#weak-and-mapping
weak-or-mapping
weak.html#weak-or-mapping
weak-alist
weak.html#weak-alist
weak-ht
weak.html#weak-ht
final
final.html
prompt
prompt.html
prompt-start
prompt.html#prompt-start
prompt-step
prompt.html#prompt-step
prompt-break
prompt.html#prompt-break
prompt-body
prompt.html#prompt-body
prompt-finish
prompt.html#prompt-finish
break-level
prompt.html#break-level
step-level
prompt.html#step-level
prompt-new-package
prompt.html#prompt-new-package
package-shortest-name
prompt.html#package-shortest-name
command-index
prompt.html#command-index
ansi
ansi.html
macros3
macros3.html
ethe
macros3.html#ethe
letf
macros3.html#letf
memoized
macros3.html#memoized
with-collect
macros3.html#with-collect
compile-time-value
macros3.html#compile-time-value
with-gensyms
macros3.html#with-gensyms
remove-plist
macros3.html#remove-plist
html-http-output
macros3.html#html-http-output
open-http
macros3.html#open-http
http-log-stream
macros3.html#http-log-stream
browse-url
macros3.html#browse-url
http-proxy
macros3.html#http-proxy
canonicalize
macros3.html#canonicalize
customize
customize.html
code-walk
code-walk.html
ext-platform
ext-platform.html
screen
screen.html
scr-win
screen.html#scr-win
modules
modules.html
mod-win32
modules.html#mod-win32
mod-overview
modules.html#mod-overview
modset
modules.html#modset
module
modules.html#module
modseti
modules.html#modseti
module-name
modules.html#module-name
linkset
modules.html#linkset
linkseti
modules.html#linkseti
clisp-link
modules.html#clisp-link
clisp-link-kit
modules.html#clisp-link-kit
mod-vars
modules.html#mod-vars
mod-load
modules.html#mod-load
mod-preload
modules.html#mod-preload
modinit
modules.html#modinit
modfini
modules.html#modfini
modinfo
modules.html#modinfo
mod-dynload
modules.html#mod-dynload
mod-set-example
modules.html#mod-set-example
mod-set-ex-bindings
modules.html#mod-set-ex-bindings
module-tools
modules.html#module-tools
modprep
modules.html#modprep
clisp-h
modules.html#clisp-h
exporting
modules.html#exporting
mod-ffi-vs-c
modules.html#mod-ffi-vs-c
mod-ffi-vs-c-granularity
modules.html#mod-ffi-vs-c-granularity
mod-ffi-vs-c-naming
modules.html#mod-ffi-vs-c-naming
included-modules
modules.html#included-modules
base-modules
modules.html#base-modules
incmod-db
modules.html#incmod-db
incmod-kdml
modules.html#incmod-kdml
incmod-match
modules.html#incmod-match
incmod-net
modules.html#incmod-net
incmod-gui
modules.html#incmod-gui
incmod-bind
modules.html#incmod-bind
incmod-toys
modules.html#incmod-toys
dffi
dffi.html
dffi-intro
dffi.html#dffi-intro
dffi-ff
dffi.html#dffi-ff
dffi-overview
dffi.html#dffi-overview
def-c-type
dffi.html#def-c-type
def-c-var
dffi.html#def-c-var
def-c-var-opts
dffi.html#def-c-var-opts
def-c-const
dffi.html#def-c-const
def-c-const-opts
dffi.html#def-c-const-opts
def-call-out
dffi.html#def-call-out
def-call-out-opts
dffi.html#def-call-out-opts
def-call-in
dffi.html#def-call-in
def-call-in-callback
dffi.html#def-call-in-callback
def-call-in-opts
dffi.html#def-call-in-opts
dffi-open-lib
dffi.html#dffi-open-lib
dffi-close-lib
dffi.html#dffi-close-lib
dffi-default-lib
dffi.html#dffi-default-lib
def-c-struct
dffi.html#def-c-struct
def-c-struct-opts
dffi.html#def-c-struct-opts
def-c-struct-typedef
dffi.html#def-c-struct-typedef
def-c-struct-external
dffi.html#def-c-struct-external
def-c-enum
dffi.html#def-c-enum
c-lines
dffi.html#c-lines
element
dffi.html#element
deref
dffi.html#deref
slot
dffi.html#slot
cast
dffi.html#cast
offset
dffi.html#offset
c-var-addr
dffi.html#c-var-addr
c-var-object
dffi.html#c-var-object
typeof
dffi.html#typeof
sizeof
dffi.html#sizeof
bitsizeof
dffi.html#bitsizeof
faddr-u
dffi.html#faddr-u
faddr
dffi.html#faddr
dffi-make-var
dffi.html#dffi-make-var
dffi-make-func
dffi.html#dffi-make-func
validp
dffi.html#validp
fptr
dffi.html#fptr
foreign-stack
dffi.html#foreign-stack
foreign-value
dffi.html#foreign-value
foreign-stack-string
dffi.html#foreign-stack-string
c-type-parse
dffi.html#c-type-parse
foreign-heap
dffi.html#foreign-heap
with-c-place
dffi.html#with-c-place
ffi-extern-output
dffi.html#ffi-extern-output
ffi-guard
dffi.html#ffi-guard
fptr-info
dffi.html#fptr-info
dffi-low
dffi.html#dffi-low
memory-as
dffi.html#memory-as
dffi-types
dffi.html#dffi-types
simple-c-type
dffi.html#simple-c-type
simple-c-type-tab
dffi.html#simple-c-type-tab
c-pointer
dffi.html#c-pointer
c-string
dffi.html#c-string
c-struct
dffi.html#c-struct
c-union
dffi.html#c-union
c-array
dffi.html#c-array
c-array-max
dffi.html#c-array-max
c-function
dffi.html#c-function
c-ptr
dffi.html#c-ptr
c-ptr-null
dffi.html#c-ptr-null
c-array-ptr
dffi.html#c-array-ptr
c-flavor
dffi.html#c-flavor
dflt-ffi-lang
dffi.html#dflt-ffi-lang
dffi-variables
dffi.html#dffi-variables
dffi-fv
dffi.html#dffi-fv
dffi-eq
dffi.html#dffi-eq
dffi-places
dffi.html#dffi-places
dffi-functions
dffi.html#dffi-functions
dffi-ff-n
dffi.html#dffi-ff-n
dffi-ff-a
dffi.html#dffi-ff-a
dffi-ff-call-out
dffi.html#dffi-ff-call-out
dffi-ff-call-in
dffi.html#dffi-ff-call-in
def-call-in-callback-main
dffi.html#def-call-in-callback-main
dffi-callback-mem
dffi.html#dffi-callback-mem
dffi-trampoline
dffi.html#dffi-trampoline
allocation
dffi.html#allocation
dffi-allocation-out
dffi.html#dffi-allocation-out
dffi-allocation-in
dffi.html#dffi-allocation-in
ffi-struct-arg
dffi.html#ffi-struct-arg
param-mode
dffi.html#param-mode
dffi-examples
dffi.html#dffi-examples
dffi-simple
dffi.html#dffi-simple
dffi-extern-var
dffi.html#dffi-extern-var
dffi-extern-func1
dffi.html#dffi-extern-func1
dffi-extern-func2
dffi.html#dffi-extern-func2
dffi-ex-macro
dffi.html#dffi-ex-macro
ex-call-in
dffi.html#ex-call-in
ex-call-in-dll
dffi.html#ex-call-in-dll
dffi-gethostname
dffi.html#dffi-gethostname
gethostname-synopsis
dffi.html#gethostname-synopsis
dffi-dll-var
dffi.html#dffi-dll-var
ex-dffi-validity
dffi.html#ex-dffi-validity
ex-dffi-float
dffi.html#ex-dffi-float
dffi-ex-more
dffi.html#dffi-ex-more
socket
socket.html
socket-intro
socket.html#socket-intro
socket-ex-server
socket.html#socket-ex-server
socket-ex-client
socket.html#socket-ex-client
socket-api
socket.html#socket-api
sose
socket.html#sose
sose-close
socket.html#sose-close
sose-hopo
socket.html#sose-hopo
so-wait
socket.html#so-wait
timeout-opt
socket.html#timeout-opt
so-accept
socket.html#so-accept
timeout-k
socket.html#timeout-k
so-connect
socket.html#so-connect
so-status
socket.html#so-status
so-status-values
socket.html#so-status-values
so-status-i-o
socket.html#so-status-i-o
sost-hopo
socket.html#sost-hopo
sost-peer
socket.html#sost-peer
sost-local
socket.html#sost-local
sost-shut
socket.html#sost-shut
so-opt
socket.html#so-opt
so-handles
socket.html#so-handles
mt
mt.html
mt-intro
mt.html#mt-intro
mt-general
mt.html#mt-general
mt-parallelizability
mt.html#mt-parallelizability
mt-symvalue
mt.html#mt-symvalue
mt-package
mt.html#mt-package
mt-clos
mt.html#mt-clos
mt-mutable
mt.html#mt-mutable
mt-unsafe
mt.html#mt-unsafe
mt-api
mt.html#mt-api
thread
mt.html#thread
make-thread
mt.html#make-thread
threadp
mt.html#threadp
thread-yield
mt.html#thread-yield
thread-interrupt
mt.html#thread-interrupt
thread-name
mt.html#thread-name
thread-active-p
mt.html#thread-active-p
current-thread
mt.html#current-thread
list-threads
mt.html#list-threads
mutex
mt.html#mutex
mutexp
mt.html#mutexp
make-mutex
mt.html#make-mutex
mutex-name
mt.html#mutex-name
mutex-lock
mt.html#mutex-lock
mutex-unlock
mt.html#mutex-unlock
mutex-owner
mt.html#mutex-owner
mutex-recursive-p
mt.html#mutex-recursive-p
with-lock
mt.html#with-lock
exemption
mt.html#exemption
exemptionp
mt.html#exemptionp
make-exemption
mt.html#make-exemption
exemption-name
mt.html#exemption-name
exemption-signal
mt.html#exemption-signal
exemption-wait
mt.html#exemption-wait
exemption-broadcast
mt.html#exemption-broadcast
y-or-n-p-timeout
mt.html#y-or-n-p-timeout
with-timeout
mt.html#with-timeout
symbol-value-thread
mt.html#symbol-value-thread
default-special-bindings
mt.html#default-special-bindings
with-deferred-interrupts
mt.html#with-deferred-interrupts
quickstart
quickstart.html
quickstart-summary
quickstart.html#quickstart-summary
quickstart-multifile
quickstart.html#quickstart-multifile
quickstart-lispless
quickstart.html#quickstart-lispless
quickstart-unix
quickstart.html#quickstart-unix
script-exec
quickstart.html#script-exec
script-bad
quickstart.html#script-bad
quickstart-desktop
quickstart.html#quickstart-desktop
quickstart-desktop-win32
quickstart.html#quickstart-desktop-win32
quickstart-linux
quickstart.html#quickstart-linux
shell
shell.html
exec
shell.html#exec
run-prog
shell.html#run-prog
pipe
shell.html#pipe
deadlock
shell.html#deadlock
hardcopy
shell.html#hardcopy
with-print
shell.html#with-print
getenv
getenv.html
ext-modules
ext-modules.html
syscalls
syscalls.html
neworking
syscalls.html#neworking
resolve-host
syscalls.html#resolve-host
service
syscalls.html#service
file-system
syscalls.html#file-system
file-stat
syscalls.html#file-stat
set-file-stat
syscalls.html#set-file-stat
stat-vfs
syscalls.html#stat-vfs
file-info
syscalls.html#file-info
stream-lock
syscalls.html#stream-lock
with-stream-lock
syscalls.html#with-stream-lock
fcntl
syscalls.html#fcntl
file-size
syscalls.html#file-size
mknod
syscalls.html#mknod
convert-mode
syscalls.html#convert-mode
umask
syscalls.html#umask
copy-file
syscalls.html#copy-file
dup-handle
syscalls.html#dup-handle
file-properties
syscalls.html#file-properties
file-owner
syscalls.html#file-owner
mkstemp
syscalls.html#mkstemp
mkdtemp
syscalls.html#mkdtemp
sync
syscalls.html#sync
user-group
syscalls.html#user-group
user-info
syscalls.html#user-info
group-info
syscalls.html#group-info
user-shells
syscalls.html#user-shells
sysinfo
syscalls.html#sysinfo
rlimit
syscalls.html#rlimit
set-rlimit
syscalls.html#set-rlimit
usage
syscalls.html#usage
bogomips
syscalls.html#bogomips
loadavg
syscalls.html#loadavg
phys-mem
syscalls.html#phys-mem
hostid
syscalls.html#hostid
domainname
syscalls.html#domainname
posix-math
syscalls.html#posix-math
encryption
syscalls.html#encryption
crypt
syscalls.html#crypt
encrypt
syscalls.html#encrypt
sys-log
syscalls.html#sys-log
openlog
syscalls.html#openlog
setlogmask
syscalls.html#setlogmask
syslog
syscalls.html#syslog
closelog
syscalls.html#closelog
processes
syscalls.html#processes
process-id
syscalls.html#process-id
priority
syscalls.html#priority
kill
syscalls.html#kill
getppid
syscalls.html#getppid
getpgrp
syscalls.html#getpgrp
setpgrp
syscalls.html#setpgrp
getsid
syscalls.html#getsid
setsid
syscalls.html#setsid
getpgid
syscalls.html#getpgid
setreuid
syscalls.html#setreuid
setregid
syscalls.html#setregid
getuid
syscalls.html#getuid
getgid
syscalls.html#getgid
geteuid
syscalls.html#geteuid
getegid
syscalls.html#getegid
getgroups
syscalls.html#getgroups
wait
syscalls.html#wait
accounting
syscalls.html#accounting
endutxent
syscalls.html#endutxent
getutxent
syscalls.html#getutxent
getutxid
syscalls.html#getutxid
getutxline
syscalls.html#getutxline
pututxline
syscalls.html#pututxline
setutxent
syscalls.html#setutxent
strtime
syscalls.html#strtime
mk-xterm-io
syscalls.html#mk-xterm-io
stdio
syscalls.html#stdio
errno
syscalls.html#errno
i18n-mod
i18n-mod.html
ggettext
i18n-mod.html#ggettext
gettext
i18n-mod.html#gettext
ngettext
i18n-mod.html#ngettext
domain
i18n-mod.html#domain
textdomain
i18n-mod.html#textdomain
textdomaindir
i18n-mod.html#textdomaindir
category
i18n-mod.html#category
i18n-example
i18n-mod.html#i18n-example
i18n-non-i
i18n-mod.html#i18n-non-i
i18n-i
i18n-mod.html#i18n-i
i18n-i-abbrev
i18n-mod.html#i18n-i-abbrev
i18n-pot
i18n-mod.html#i18n-pot
i18n-fr-po
i18n-mod.html#i18n-fr-po
i18n-locale
i18n-mod.html#i18n-locale
set-locale
i18n-mod.html#set-locale
locale-conv
i18n-mod.html#locale-conv
lang-info
i18n-mod.html#lang-info
regexp-mod
regexp-mod.html
regexp-api
regexp-mod.html#regexp-api
re-match
regexp-mod.html#re-match
ex-re-match
regexp-mod.html#ex-re-match
re-match-access
regexp-mod.html#re-match-access
re-match-string
regexp-mod.html#re-match-string
re-regexp-quote
regexp-mod.html#re-regexp-quote
ex-re-quote
regexp-mod.html#ex-re-quote
re-regexp-compile
regexp-mod.html#re-regexp-compile
re-regexp-exec
regexp-mod.html#re-regexp-exec
re-regexp-split
regexp-mod.html#re-regexp-split
re-with-loop-split
regexp-mod.html#re-with-loop-split
re-cflags
regexp-mod.html#re-cflags
re-eflags
regexp-mod.html#re-eflags
re-matcher
regexp-mod.html#re-matcher
re-count-shell-users
regexp-mod.html#re-count-shell-users
readline-mod
readline-mod.html
gdbm
gdbm.html
gdbm-api
gdbm.html#gdbm-api
gdbm-version
gdbm.html#gdbm-version
gdbm-open
gdbm.html#gdbm-open
gdbm-default-types
gdbm.html#gdbm-default-types
gdbm-close
gdbm.html#gdbm-close
gdbm-open-p
gdbm.html#gdbm-open-p
gdbm-store
gdbm.html#gdbm-store
gdbm-fetch
gdbm.html#gdbm-fetch
gdbm-delete
gdbm.html#gdbm-delete
gdbm-exists
gdbm.html#gdbm-exists
gdbm-firstkey
gdbm.html#gdbm-firstkey
gdbm-nextkey
gdbm.html#gdbm-nextkey
gdbm-reorganize
gdbm.html#gdbm-reorganize
gdbm-sync
gdbm.html#gdbm-sync
gdbm-setopt
gdbm.html#gdbm-setopt
gdbm-file-size
gdbm.html#gdbm-file-size
gdbm-do-db
gdbm.html#gdbm-do-db
gdbm-with-open-db
gdbm.html#gdbm-with-open-db
berkeley-db
berkeley-db.html
bdb-objects
berkeley-db.html#bdb-objects
bdb-close
berkeley-db.html#bdb-close
bdb-db-environment
berkeley-db.html#bdb-db-environment
dbe-create
berkeley-db.html#dbe-create
dbe-open
berkeley-db.html#dbe-open
with-dbe
berkeley-db.html#with-dbe
bdb-environment-config
berkeley-db.html#bdb-environment-config
dbe-set-options
berkeley-db.html#dbe-set-options
dbe-get-options
berkeley-db.html#dbe-get-options
bdb-operations
berkeley-db.html#bdb-operations
db-create
berkeley-db.html#db-create
db-open
berkeley-db.html#db-open
with-db
berkeley-db.html#with-db
bdb-db-config
berkeley-db.html#bdb-db-config
db-set-options
berkeley-db.html#db-set-options
db-get-options
berkeley-db.html#db-get-options
bdb-cursor
berkeley-db.html#bdb-cursor
make-dbc
berkeley-db.html#make-dbc
bdb-lock
berkeley-db.html#bdb-lock
bdb-log
berkeley-db.html#bdb-log
bdb-log-cursor
berkeley-db.html#bdb-log-cursor
bdb-log-seq
berkeley-db.html#bdb-log-seq
bdb-mem-pool
berkeley-db.html#bdb-mem-pool
bdb-replication
berkeley-db.html#bdb-replication
bdb-sequences
berkeley-db.html#bdb-sequences
bdb-transaction
berkeley-db.html#bdb-transaction
dir-key
dir-key.html
dir-key-type
dir-key.html#dir-key-type
dir-key-open
dir-key.html#dir-key-open
dir-key-close
dir-key.html#dir-key-close
with-dir-key-open
dir-key.html#with-dir-key-open
with-dir-key-search
dir-key.html#with-dir-key-search
postgresql
postgresql.html
sql:pq-finish
postgresql.html#sql:pq-finish
sql:pq-clear
postgresql.html#sql:pq-clear
sql:sql-connect
postgresql.html#sql:sql-connect
sql:with-sql-connection
postgresql.html#sql:with-sql-connection
sql:sql-login
postgresql.html#sql:sql-login
sql:sql-password
postgresql.html#sql:sql-password
sql:sql-log
postgresql.html#sql:sql-log
oracle
oracle.html
ora-functionality
oracle.html#ora-functionality
ora-connect
oracle.html#ora-connect
ora-disconnect
oracle.html#ora-disconnect
ora-run-sql
oracle.html#ora-run-sql
ora-do-rows
oracle.html#ora-do-rows
ora-fetch
oracle.html#ora-fetch
ora-fetch-data-types-tab
oracle.html#ora-fetch-data-types-tab
ora-fetch-all
oracle.html#ora-fetch-all
ora-peek
oracle.html#ora-peek
ora-columns
oracle.html#ora-columns
ora-eof
oracle.html#ora-eof
ora-insert-row
oracle.html#ora-insert-row
ora-update-row
oracle.html#ora-update-row
ora-row-count
oracle.html#ora-row-count
ora-with-transaction
oracle.html#ora-with-transaction
ora-commit
oracle.html#ora-commit
ora-rollback
oracle.html#ora-rollback
ora-auto-commit
oracle.html#ora-auto-commit
ora-example
oracle.html#ora-example
ora-config
oracle.html#ora-config
ora-build
oracle.html#ora-build
libsvm
libsvm.html
libsvm-types
libsvm.html#libsvm-types
libsvm-functions
libsvm.html#libsvm-functions
libsvm-functions-problem
libsvm.html#libsvm-functions-problem
libsvm-functions-model
libsvm.html#libsvm-functions-model
libsvm-functions-parameter
libsvm.html#libsvm-functions-parameter
pari
pari.html
matlab
matlab.html
matlab-matfile-content
matlab.html#matlab-matfile-content
matlab-command
matlab.html#matlab-command
matlab-engine-v
matlab.html#matlab-engine-v
matlab-engine-f
matlab.html#matlab-engine-f
matlab-with-engine
matlab.html#matlab-with-engine
matlab-with-MATfile
matlab.html#matlab-with-MATfile
copy-lisp-to-mxArray
matlab.html#copy-lisp-to-mxArray
copy-lisp-to-matlab
matlab.html#copy-lisp-to-matlab
copy-mxArray-to-lisp
matlab.html#copy-mxArray-to-lisp
copy-matlab-to-lisp
matlab.html#copy-matlab-to-lisp
matlab-invert-matrix
matlab.html#matlab-invert-matrix
netica
netica.html
pcre
pcre.html
pcre-api
pcre.html#pcre-api
pcre-version
pcre.html#pcre-version
pcre-config
pcre.html#pcre-config
pcre-compile
pcre.html#pcre-compile
pattern-info
pcre.html#pattern-info
pcre-name-to-index
pcre.html#pcre-name-to-index
pcre-exec
pcre.html#pcre-exec
pcre-match-access
pcre.html#pcre-match-access
match-substring
pcre.html#match-substring
match-strings
pcre.html#match-strings
match-string
pcre.html#match-string
pcre-matcher
pcre.html#pcre-matcher
wildcard
wildcard.html
wildcard-match
wildcard.html#wildcard-match
wildcard-matcher
wildcard.html#wildcard-matcher
wildcard-syntax
wildcard.html#wildcard-syntax
zlib
zlib.html
rawsock
rawsock.html
rawsock-intro
rawsock.html#rawsock-intro
rawsock-use-sockets
rawsock.html#rawsock-use-sockets
rawsock-not-streams
rawsock.html#rawsock-not-streams
rawsock-func
rawsock.html#rawsock-func
rawsock-args
rawsock.html#rawsock-args
rawsock-args-list
rawsock.html#rawsock-args-list
rawsock-plat-dep-constants
rawsock.html#rawsock-plat-dep-constants
rawsock-return
rawsock.html#rawsock-return
rawsock-not-implemented
rawsock.html#rawsock-not-implemented
rawsock-errors
rawsock.html#rawsock-errors
rawsock-high-level
rawsock.html#rawsock-high-level
rawsock-high-level-list
rawsock.html#rawsock-high-level-list
sock-read
rawsock.html#sock-read
rawsock-protocol
rawsock.html#rawsock-protocol
rawsock-network
rawsock.html#rawsock-network
rawsock-if-name-index
rawsock.html#rawsock-if-name-index
rawsock-ifaddrs
rawsock.html#rawsock-ifaddrs
rawsock-sockopt
rawsock.html#rawsock-sockopt
rawsock-convert-address
rawsock.html#rawsock-convert-address
make-sockaddr
rawsock.html#make-sockaddr
rawsock-unix-socket
rawsock.html#rawsock-unix-socket
fastcgi
fastcgi.html
fcgi-overview
fastcgi.html#fcgi-overview
fcgi-functionality
fastcgi.html#fcgi-functionality
fcgi-example
fastcgi.html#fcgi-example
fcgi-build
fastcgi.html#fcgi-build
dbus
dbus.html
gtk
gtk.html
gtk-hi
gtk.html#gtk-hi
internals
internals.html
source-files
source-files.html
src-file-types
src-file-types.html
src-preprocessing
src-preprocessing.html
modprep-file
src-preprocessing.html#modprep-file
utils-unicode
src-preprocessing.html#utils-unicode
src-files
src-files.html
src-unpreproc-C
src-files.html#src-unpreproc-C
src-includes
src-files.html#src-includes
fsubr-d
src-files.html#fsubr-d
subr-d
src-files.html#subr-d
constsym-d
src-files.html#constsym-d
constobj-d
src-files.html#constobj-d
src-modules
src-files.html#src-modules
spvw-d
src-files.html#spvw-d
subrkw-d
src-files.html#subrkw-d
eval-d
src-files.html#eval-d
bytecode-d
src-files.html#bytecode-d
lightning-c
src-files.html#lightning-c
src-arith
src-files.html#src-arith
src-ari-asm
src-files.html#src-ari-asm
src-asm-sp
src-files.html#src-asm-sp
src-asm-misc
src-files.html#src-asm-misc
src-lisp
src-files.html#src-lisp
init-lisp
src-files.html#init-lisp
floatprint-lisp
src-files.html#floatprint-lisp
macros3-lisp
src-files.html#macros3-lisp
config-lisp
src-files.html#config-lisp
inspect-lisp
src-files.html#inspect-lisp
clhs-lisp
src-files.html#clhs-lisp
exporting-lisp
src-files.html#exporting-lisp
src-ext-mod
src-files.html#src-ext-mod
src-doc
src-files.html#src-doc
src-news
src-files.html#src-news
src-i18n
src-files.html#src-i18n
src-conf-unix
src-files.html#src-conf-unix
src-external
src-files.html#src-external
gc
gc.html
internals-intro
internals-intro.html
lisp-obj-in-c
lisp-obj-in-c.html
immediate-o
lisp-obj-in-c.html#immediate-o
typecodes
typecodes.html
memory-models
memory-models.html
mem-models-comb-typecodes
memory-models.html#mem-models-comb-typecodes
mem-models-comb-heapcodes
memory-models.html#mem-models-comb-heapcodes
MMC-A
memory-models.html#MMC-A
MMC-B
memory-models.html#MMC-B
MMC-C
memory-models.html#MMC-C
MMC-D
memory-models.html#MMC-D
gc-safety
gc-safety.html
gc-moves-data
gc-safety.html#gc-moves-data
gc-lisp-in-C
gc-safety.html#gc-lisp-in-C
gc-alloccount
gc-safety.html#gc-alloccount
clisp-config-gxx
gc-safety.html#clisp-config-gxx
gc-mem-prot
gc-safety.html#gc-mem-prot
foreign-pointers
foreign-pointers.html
gc-mt
gc-mt.html
gc-mt-pin
gc-mt.html#gc-mt-pin
gc-mt-safe-points
gc-mt.html#gc-mt-safe-points
extend
extend.html
add-fun
add-fun.html
add-var
add-var.html
recompile
recompile.html
byte-version
recompile.html#byte-version
bytecode
bytecode.html
byte-intro
byte-intro.html
vm
vm.html
comp-fun
comp-fun.html
func-name
comp-fun.html#func-name
func-codevec
comp-fun.html#func-codevec
instr-struct
instr-struct.html
instr-set
instr-set.html
instr-const
instr-set.html#instr-const
instr-const-tab
instr-set.html#instr-const-tab
instr-lex-var
instr-set.html#instr-lex-var
instr-lex-var-tab
instr-set.html#instr-lex-var-tab
instr-dyn-var
instr-set.html#instr-dyn-var
instr-dyn-var-tab
instr-set.html#instr-dyn-var-tab
instr-stack
instr-set.html#instr-stack
instr-stack-tab
instr-set.html#instr-stack-tab
instr-jump
instr-set.html#instr-jump
instr-jump-tab
instr-set.html#instr-jump-tab
instr-env
instr-set.html#instr-env
instr-env-tab
instr-set.html#instr-env-tab
instr-funcall
instr-set.html#instr-funcall
instr-funcall-tab
instr-set.html#instr-funcall-tab
instr-optkey
instr-set.html#instr-optkey
instr-optkey-tab
instr-set.html#instr-optkey-tab
instr-mulval
instr-set.html#instr-mulval
instr-mulval-tab
instr-set.html#instr-mulval-tab
instr-block
instr-set.html#instr-block
instr-block-tab
instr-set.html#instr-block-tab
instr-tagbody
instr-set.html#instr-tagbody
instr-tagbody-tab
instr-set.html#instr-tagbody-tab
instr-catch
instr-set.html#instr-catch
instr-catch-tab
instr-set.html#instr-catch-tab
instr-unwind
instr-set.html#instr-unwind
instr-unwind-tab
instr-set.html#instr-unwind-tab
instr-handler
instr-set.html#instr-handler
instr-handler-tab
instr-set.html#instr-handler-tab
instr-inline
instr-set.html#instr-inline
instr-inline-tab
instr-set.html#instr-inline-tab
instr-combo
instr-set.html#instr-combo
instr-combo-tab
instr-set.html#instr-combo-tab
instr-shortcut
instr-set.html#instr-shortcut
instr-shortcut-tab
instr-set.html#instr-shortcut-tab
compiler-introspection
compiler-introspection.html
closure-name
compiler-introspection.html#closure-name
closure-codevec
compiler-introspection.html#closure-codevec
closure-consts
compiler-introspection.html#closure-consts
signature
compiler-introspection.html#signature
closure-LAP
compiler-introspection.html#closure-LAP
bytecode-design
bytecode-design.html
byte-when-add-q
bytecode-design.html#byte-when-add-q
byte-when-add-a
bytecode-design.html#byte-when-add-a
byte-jmptail-q
bytecode-design.html#byte-jmptail-q
byte-jmptail-a
bytecode-design.html#byte-jmptail-a
appendices
appendices.html
faq
faq.html
faq-abstract
faq.html#faq-abstract
faq-set
faq.html#faq-set
faq-meta
faq.html#faq-meta
faq-meta-misc
faq.html#faq-meta-misc
faq-fine
faq.html#faq-fine
faq-fine-q
faq.html#faq-fine-q
faq-doc
faq.html#faq-doc
faq-doc-q
faq.html#faq-doc-q
faq-gpl
faq.html#faq-gpl
faq-gpl-q
faq.html#faq-gpl-q
faq-ansi
faq.html#faq-ansi
faq-ansi-q
faq.html#faq-ansi-q
faq-help
faq.html#faq-help
faq-help-q
faq.html#faq-help-q
faq-mailing-lists
faq.html#faq-mailing-lists
faq-mailing-lists-q
faq.html#faq-mailing-lists-q
faq-rejected
faq.html#faq-rejected
faq-rejected-q
faq.html#faq-rejected-q
faq-bugs
faq.html#faq-bugs
faq-bugs-q
faq.html#faq-bugs-q
faq-contrib
faq.html#faq-contrib
faq-contrib-q
faq.html#faq-contrib-q
faq-debug
faq.html#faq-debug
faq-debug-q
faq.html#faq-debug-q
with-debug
faq.html#with-debug
faq-debug-core
faq.html#faq-debug-core
faq-debug-module
faq.html#faq-debug-module
faq-debug-gengc
faq.html#faq-debug-gengc
faq-debug-gdbinit
faq.html#faq-debug-gdbinit
faq-debug-macros
faq.html#faq-debug-macros
faq-menorah
faq.html#faq-menorah
faq-menorah-why
faq.html#faq-menorah-why
faq-menorah-why-q
faq.html#faq-menorah-why-q
faq-menorah-current
faq.html#faq-menorah-current
faq-menorah-current-q
faq.html#faq-menorah-current-q
faq-menorah-other
faq.html#faq-menorah-other
faq-menorah-other-q
faq.html#faq-menorah-other-q
faq-menorah-users
faq.html#faq-menorah-users
faq-menorah-users-q
faq.html#faq-menorah-users-q
faq-menorah-unprofessional
faq.html#faq-menorah-unprofessional
faq-menorah-unprofessional-q
faq.html#faq-menorah-unprofessional-q
faq-run
faq.html#faq-run
faq-defun
faq.html#faq-defun
faq-defun-q
faq.html#faq-defun-q
faq-ide
faq.html#faq-ide
faq-ide-q
faq.html#faq-ide-q
faq-opt
faq.html#faq-opt
faq-opt-q
faq.html#faq-opt-q
faq-debugger
faq.html#faq-debugger
faq-debugger-q
faq.html#faq-debugger-q
faq-ext
faq.html#faq-ext
faq-ext-q
faq.html#faq-ext-q
faq-rc
faq.html#faq-rc
faq-rc-q
faq.html#faq-rc-q
faq-modules
faq.html#faq-modules
faq-modules-q
faq.html#faq-modules-q
faq-gui
faq.html#faq-gui
faq-gui-q
faq.html#faq-gui-q
faq-delivery
faq.html#faq-delivery
faq-exec
faq.html#faq-exec
faq-exec-q
faq.html#faq-exec-q
faq-licensing
faq.html#faq-licensing
faq-licensing-q
faq.html#faq-licensing-q
faq-trouble
faq.html#faq-trouble
faq-bin-distrib
faq.html#faq-bin-distrib
faq-bin-distrib-q
faq.html#faq-bin-distrib-q
faq-bin-distrib-prev
faq.html#faq-bin-distrib-prev
faq-bin-distrib-prev-q
faq.html#faq-bin-distrib-prev-q
faq-build
faq.html#faq-build
faq-build-q
faq.html#faq-build-q
faq-with-prefix
faq.html#faq-with-prefix
faq-with-prefix-q
faq.html#faq-with-prefix-q
faq-enc-err
faq.html#faq-enc-err
faq-enc-err-q
faq.html#faq-enc-err-q
faq-rl-tab
faq.html#faq-rl-tab
faq-rl-tab-q
faq.html#faq-rl-tab-q
faq-no-rl
faq.html#faq-no-rl
faq-no-rl-q
faq.html#faq-no-rl-q
faq-stack
faq.html#faq-stack
faq-stack-q
faq.html#faq-stack-q
faq-self-mod
faq.html#faq-self-mod
faq-self-mod-q
faq.html#faq-self-mod-q
faq-fp
faq.html#faq-fp
faq-fp-q
faq.html#faq-fp-q
faq-random
faq.html#faq-random
faq-random-q
faq.html#faq-random-q
faq-pp-newline
faq.html#faq-pp-newline
faq-pp-newline-q
faq.html#faq-pp-newline-q
faq-warning
faq.html#faq-warning
faq-warning-q
faq.html#faq-warning-q
faq-scope
faq.html#faq-scope
faq-scope-q
faq.html#faq-scope-q
faq-bad-error
faq.html#faq-bad-error
faq-bad-error-q
faq.html#faq-bad-error-q
faq-other-problem
faq.html#faq-other-problem
faq-other-problem-q
faq.html#faq-other-problem-q
fdl
fdl.html
section0
fdl.html#section0
section1
fdl.html#section1
section2
fdl.html#section2
section3
fdl.html#section3
section4
fdl.html#section4
section5
fdl.html#section5
section6
fdl.html#section6
section7
fdl.html#section7
section8
fdl.html#section8
section9
fdl.html#section9
section10
fdl.html#section10
section11
fdl.html#section11
addendum
fdl.html#addendum
gpl
gpl.html
gpl-legalnotice
gpl-legalnotice.html
gpl-1
gpl-1.html
gpl-2
gpl-2.html
gpl-2-0
gpl-2.html#gpl-2-0
gpl-2-1
gpl-2.html#gpl-2-1
gpl-2-2
gpl-2.html#gpl-2-2
gpl-2-3
gpl-2.html#gpl-2-3
gpl-2-4
gpl-2.html#gpl-2-4
gpl-2-5
gpl-2.html#gpl-2-5
gpl-2-6
gpl-2.html#gpl-2-6
gpl-2-7
gpl-2.html#gpl-2-7
gpl-2-8
gpl-2.html#gpl-2-8
gpl-2-9
gpl-2.html#gpl-2-9
gpl-2-10
gpl-2.html#gpl-2-10
gpl-2-11
gpl-2.html#gpl-2-11
gpl-2-12
gpl-2.html#gpl-2-12
gpl-3
gpl-3.html
idx
idx.html
references
references.html
ref-books
references.html#ref-books
CLtL1
references.html#CLtL1
CLtL2
references.html#CLtL2
amop
references.html#amop
ref-ansi
references.html#ref-ansi
ansi-cl
references.html#ansi-cl
CLHS
references.html#CLHS
